// Jest Snapshot v1, https://goo.gl/fbAQLP

exports[`expect quote to match working snapshot 1`] = `
<div>
  <div
    className="quotes"
  >
    <h3>
      Without mathematics, there’s nothing you can do. Everything around you is mathematics. Everything around you is numbers.
      <br />
      It is about understanding. — Shakuntala Devi.
    </h3>
  </div>
  <div
    id="tsparticles"
  >
    <canvas
      style={
        Object {
          "height": "100%",
          "width": "100%",
        }
      }
    />
  </div>
</div>
`;
